../Core/Src/main.c:117:13:CAN_InitHeader	24	static
../Core/Src/main.c:135:5:main	88	static
../Core/Src/main.c:314:6:SystemClock_Config	120	static
../Core/Src/main.c:375:13:MX_ADC1_Init	40	static
../Core/Src/main.c:470:13:MX_FDCAN1_Init	8	static
../Core/Src/main.c:513:13:MX_I2C1_Init	8	static
../Core/Src/main.c:561:13:MX_I2C2_Init	8	static
../Core/Src/main.c:609:13:MX_SPI2_Init	8	static
../Core/Src/main.c:657:13:MX_GPIO_Init	40	static
../Core/Src/main.c:693:6:Error_Handler	4	static,ignoring_inline_asm
